<testsuites id="" name="" tests="4" failures="4" skipped="0" errors="0" time="79.777913">
<testsuite name="budgets.spec.js" timestamp="2025-12-19T01:32:17.635Z" hostname="chromium" tests="4" failures="4" skipped="0" time="111.626" errors="0">
<testcase name="PRESUPUESTOS - Móvil › should open budgets from FAB" classname="budgets.spec.js" time="9.285">
<failure message="budgets.spec.js:231:3 should open budgets from FAB" type="FAILURE">
<![CDATA[  [chromium] › budgets.spec.js:231:3 › PRESUPUESTOS - Móvil › should open budgets from FAB ─────────

    Error: expect(locator).toBeVisible() failed

    Locator: locator('text=Presupuesto')
    Expected: visible
    Error: strict mode violation: locator('text=Presupuesto') resolved to 3 elements:
        1) <h2 class="text-xl font-semibold mb-4 text-gray-900 dark:text-white">Presupuesto Mensual</h2> aka getByRole('heading', { name: 'Presupuesto Mensual' })
        2) <button type="submit" class="w-full bg-green-600 hover:bg-green-700 text-white font-medium py-2 rounded-lg transition">Asignar Presupuesto Manual</button> aka getByRole('button', { name: 'Asignar Presupuesto Manual' })
        3) <p class="text-gray-600 dark:text-gray-400">No hay presupuestos asignados</p> aka getByText('No hay presupuestos asignados')

    Call log:
      - Expect "toBeVisible" with timeout 5000ms
      - waiting for locator('text=Presupuesto')


      224 |   test('should open budgets from FAB', async ({ page }) => {
      225 |     await helpers.navigateMobile(page, 'budgets');
    > 226 |     await expect(page.locator('text=Presupuesto')).toBeVisible();
          |                                                    ^
      227 |   });
      228 |
      229 |   test('should create budget from mobile', async ({ page }) => {
        at C:\Users\Reyes\Documents\data\Finanzas\tests\budgets.spec.js:226:52

    attachment #1: screenshot (image/png) ──────────────────────────────────────────────────────────
    ..\test-results\budgets-PRESUPUESTOS---Móvil-should-open-budgets-from-FAB-chromium\test-failed-1.png
    ────────────────────────────────────────────────────────────────────────────────────────────────

    attachment #2: video (video/webm) ──────────────────────────────────────────────────────────────
    ..\test-results\budgets-PRESUPUESTOS---Móvil-should-open-budgets-from-FAB-chromium\video.webm
    ────────────────────────────────────────────────────────────────────────────────────────────────

    Error Context: ..\test-results\budgets-PRESUPUESTOS---Móvil-should-open-budgets-from-FAB-chromium\error-context.md

    attachment #4: trace (application/zip) ─────────────────────────────────────────────────────────
    ..\test-results\budgets-PRESUPUESTOS---Móvil-should-open-budgets-from-FAB-chromium\trace.zip
    Usage:

        npx playwright show-trace ..\test-results\budgets-PRESUPUESTOS---Móvil-should-open-budgets-from-FAB-chromium\trace.zip

    ────────────────────────────────────────────────────────────────────────────────────────────────
]]>
</failure>
<system-err>
<![CDATA[
Warning: attachment budgets-PRESUPUESTOS---Móvil-should-open-budgets-from-FAB-chromium\test-failed-1.png is missing
Warning: attachment budgets-PRESUPUESTOS---Móvil-should-open-budgets-from-FAB-chromium\video.webm is missing
Warning: attachment budgets-PRESUPUESTOS---Móvil-should-open-budgets-from-FAB-chromium\error-context.md is missing
Warning: attachment budgets-PRESUPUESTOS---Móvil-should-open-budgets-from-FAB-chromium\trace.zip is missing]]>
</system-err>
</testcase>
<testcase name="PRESUPUESTOS - Móvil › should create budget from mobile" classname="budgets.spec.js" time="33.399">
<failure message="budgets.spec.js:237:3 should create budget from mobile" type="FAILURE">
<![CDATA[  [chromium] › budgets.spec.js:237:3 › PRESUPUESTOS - Móvil › should create budget from mobile ─────

    Test timeout of 30000ms exceeded.

    Error: page.selectOption: Test timeout of 30000ms exceeded.
    Call log:
      - waiting for locator('[name="category"]')
        - locator resolved to <select name="category" class="w-full px-3 py-2 border border-gray-300 dark:border-gray-600 dark:bg-gray-700 dark:text-white rounded-lg">…</select>
      - attempting select option action
        2 × waiting for element to be visible and enabled
          - did not find some options
        - retrying select option action
        - waiting 20ms
        2 × waiting for element to be visible and enabled
          - did not find some options
        - retrying select option action
          - waiting 100ms
        40 × waiting for element to be visible and enabled
           - did not find some options
         - retrying select option action
           - waiting 500ms
        - waiting for element to be visible and enabled


       at helpers.js:86

      84 |    */
      85 |   createBudget: async (page, category, amount) => {
    > 86 |     await page.selectOption('[name="category"]', category);
         |                ^
      87 |     await page.fill('[name="amount"]', amount.toString());
      88 |     await page.click('button:has-text("Crear Presupuesto")');
      89 |     await page.waitForTimeout(500);
        at Object.createBudget (C:\Users\Reyes\Documents\data\Finanzas\tests\helpers.js:86:16)
        at C:\Users\Reyes\Documents\data\Finanzas\tests\budgets.spec.js:232:19

    attachment #1: screenshot (image/png) ──────────────────────────────────────────────────────────
    ..\test-results\budgets-PRESUPUESTOS---Móv-5e7f3-d-create-budget-from-mobile-chromium\test-failed-1.png
    ────────────────────────────────────────────────────────────────────────────────────────────────

    attachment #2: video (video/webm) ──────────────────────────────────────────────────────────────
    ..\test-results\budgets-PRESUPUESTOS---Móv-5e7f3-d-create-budget-from-mobile-chromium\video.webm
    ────────────────────────────────────────────────────────────────────────────────────────────────

    Error Context: ..\test-results\budgets-PRESUPUESTOS---Móv-5e7f3-d-create-budget-from-mobile-chromium\error-context.md

    attachment #4: trace (application/zip) ─────────────────────────────────────────────────────────
    ..\test-results\budgets-PRESUPUESTOS---Móv-5e7f3-d-create-budget-from-mobile-chromium\trace.zip
    Usage:

        npx playwright show-trace ..\test-results\budgets-PRESUPUESTOS---Móv-5e7f3-d-create-budget-from-mobile-chromium\trace.zip

    ────────────────────────────────────────────────────────────────────────────────────────────────
]]>
</failure>
<system-err>
<![CDATA[
Warning: attachment budgets-PRESUPUESTOS---Móv-5e7f3-d-create-budget-from-mobile-chromium\test-failed-1.png is missing
Warning: attachment budgets-PRESUPUESTOS---Móv-5e7f3-d-create-budget-from-mobile-chromium\video.webm is missing
Warning: attachment budgets-PRESUPUESTOS---Móv-5e7f3-d-create-budget-from-mobile-chromium\error-context.md is missing
Warning: attachment budgets-PRESUPUESTOS---Móv-5e7f3-d-create-budget-from-mobile-chromium\trace.zip is missing]]>
</system-err>
</testcase>
<testcase name="PRESUPUESTOS - Móvil › should display responsive budget cards" classname="budgets.spec.js" time="34.453">
<failure message="budgets.spec.js:244:3 should display responsive budget cards" type="FAILURE">
<![CDATA[  [chromium] › budgets.spec.js:244:3 › PRESUPUESTOS - Móvil › should display responsive budget cards 

    Test timeout of 30000ms exceeded.

    Error: page.selectOption: Test timeout of 30000ms exceeded.
    Call log:
      - waiting for locator('[name="category"]')
        - locator resolved to <select name="category" class="w-full px-3 py-2 border border-gray-300 dark:border-gray-600 dark:bg-gray-700 dark:text-white rounded-lg">…</select>
      - attempting select option action
        2 × waiting for element to be visible and enabled
          - did not find some options
        - retrying select option action
        - waiting 20ms
        2 × waiting for element to be visible and enabled
          - did not find some options
        - retrying select option action
          - waiting 100ms
        52 × waiting for element to be visible and enabled
           - did not find some options
         - retrying select option action
           - waiting 500ms


       at helpers.js:86

      84 |    */
      85 |   createBudget: async (page, category, amount) => {
    > 86 |     await page.selectOption('[name="category"]', category);
         |                ^
      87 |     await page.fill('[name="amount"]', amount.toString());
      88 |     await page.click('button:has-text("Crear Presupuesto")');
      89 |     await page.waitForTimeout(500);
        at Object.createBudget (C:\Users\Reyes\Documents\data\Finanzas\tests\helpers.js:86:16)
        at C:\Users\Reyes\Documents\data\Finanzas\tests\budgets.spec.js:240:19

    attachment #1: screenshot (image/png) ──────────────────────────────────────────────────────────
    ..\test-results\budgets-PRESUPUESTOS---Móv-a387b-lay-responsive-budget-cards-chromium\test-failed-1.png
    ────────────────────────────────────────────────────────────────────────────────────────────────

    attachment #2: video (video/webm) ──────────────────────────────────────────────────────────────
    ..\test-results\budgets-PRESUPUESTOS---Móv-a387b-lay-responsive-budget-cards-chromium\video.webm
    ────────────────────────────────────────────────────────────────────────────────────────────────

    Error Context: ..\test-results\budgets-PRESUPUESTOS---Móv-a387b-lay-responsive-budget-cards-chromium\error-context.md

    attachment #4: trace (application/zip) ─────────────────────────────────────────────────────────
    ..\test-results\budgets-PRESUPUESTOS---Móv-a387b-lay-responsive-budget-cards-chromium\trace.zip
    Usage:

        npx playwright show-trace ..\test-results\budgets-PRESUPUESTOS---Móv-a387b-lay-responsive-budget-cards-chromium\trace.zip

    ────────────────────────────────────────────────────────────────────────────────────────────────
]]>
</failure>
<system-err>
<![CDATA[
Warning: attachment budgets-PRESUPUESTOS---Móv-a387b-lay-responsive-budget-cards-chromium\test-failed-1.png is missing
Warning: attachment budgets-PRESUPUESTOS---Móv-a387b-lay-responsive-budget-cards-chromium\video.webm is missing
Warning: attachment budgets-PRESUPUESTOS---Móv-a387b-lay-responsive-budget-cards-chromium\error-context.md is missing
Warning: attachment budgets-PRESUPUESTOS---Móv-a387b-lay-responsive-budget-cards-chromium\trace.zip is missing]]>
</system-err>
</testcase>
<testcase name="PRESUPUESTOS - Móvil › should show progress bar on mobile" classname="budgets.spec.js" time="34.489">
<failure message="budgets.spec.js:254:3 should show progress bar on mobile" type="FAILURE">
<![CDATA[  [chromium] › budgets.spec.js:254:3 › PRESUPUESTOS - Móvil › should show progress bar on mobile ───

    Test timeout of 30000ms exceeded.

    Error: page.selectOption: Test timeout of 30000ms exceeded.
    Call log:
      - waiting for locator('[name="category"]')
        - locator resolved to <select name="category" class="w-full px-3 py-2 border border-gray-300 dark:border-gray-600 dark:bg-gray-700 dark:text-white rounded-lg">…</select>
      - attempting select option action
        2 × waiting for element to be visible and enabled
          - did not find some options
        - retrying select option action
        - waiting 20ms
        2 × waiting for element to be visible and enabled
          - did not find some options
        - retrying select option action
          - waiting 100ms
        52 × waiting for element to be visible and enabled
           - did not find some options
         - retrying select option action
           - waiting 500ms


       at helpers.js:86

      84 |    */
      85 |   createBudget: async (page, category, amount) => {
    > 86 |     await page.selectOption('[name="category"]', category);
         |                ^
      87 |     await page.fill('[name="amount"]', amount.toString());
      88 |     await page.click('button:has-text("Crear Presupuesto")');
      89 |     await page.waitForTimeout(500);
        at Object.createBudget (C:\Users\Reyes\Documents\data\Finanzas\tests\helpers.js:86:16)
        at C:\Users\Reyes\Documents\data\Finanzas\tests\budgets.spec.js:250:19

    attachment #1: screenshot (image/png) ──────────────────────────────────────────────────────────
    ..\test-results\budgets-PRESUPUESTOS---Móv-44efb-show-progress-bar-on-mobile-chromium\test-failed-1.png
    ────────────────────────────────────────────────────────────────────────────────────────────────

    attachment #2: video (video/webm) ──────────────────────────────────────────────────────────────
    ..\test-results\budgets-PRESUPUESTOS---Móv-44efb-show-progress-bar-on-mobile-chromium\video.webm
    ────────────────────────────────────────────────────────────────────────────────────────────────

    Error Context: ..\test-results\budgets-PRESUPUESTOS---Móv-44efb-show-progress-bar-on-mobile-chromium\error-context.md

    attachment #4: trace (application/zip) ─────────────────────────────────────────────────────────
    ..\test-results\budgets-PRESUPUESTOS---Móv-44efb-show-progress-bar-on-mobile-chromium\trace.zip
    Usage:

        npx playwright show-trace ..\test-results\budgets-PRESUPUESTOS---Móv-44efb-show-progress-bar-on-mobile-chromium\trace.zip

    ────────────────────────────────────────────────────────────────────────────────────────────────
]]>
</failure>
<system-err>
<![CDATA[
Warning: attachment budgets-PRESUPUESTOS---Móv-44efb-show-progress-bar-on-mobile-chromium\test-failed-1.png is missing
Warning: attachment budgets-PRESUPUESTOS---Móv-44efb-show-progress-bar-on-mobile-chromium\video.webm is missing
Warning: attachment budgets-PRESUPUESTOS---Móv-44efb-show-progress-bar-on-mobile-chromium\error-context.md is missing
Warning: attachment budgets-PRESUPUESTOS---Móv-44efb-show-progress-bar-on-mobile-chromium\trace.zip is missing]]>
</system-err>
</testcase>
</testsuite>
</testsuites>